// Jest Snapshot v1, https://goo.gl/fbAQLP

exports[`test Link changes the class when hovered 1`] = `
<a
  page="http://www.facebook.com"
>
  Facebook
</a>
`;
